
WARNING: apt does not have a stable CLI interface. Use with caution in scripts.


WARNING: apt does not have a stable CLI interface. Use with caution in scripts.


WARNING: apt does not have a stable CLI interface. Use with caution in scripts.

debconf: unable to initialize frontend: Dialog
debconf: (Dialog frontend requires a screen at least 13 lines tall and 31 columns wide.)
debconf: falling back to frontend: Readline

WARNING: apt does not have a stable CLI interface. Use with caution in scripts.


WARNING: apt does not have a stable CLI interface. Use with caution in scripts.


WARNING: apt does not have a stable CLI interface. Use with caution in scripts.


WARNING: apt does not have a stable CLI interface. Use with caution in scripts.

--2026-06-08 10:12:34--  https://go.dev/dl/go1.25.4.linux-amd64.tar.gz
Resolving go.dev (go.dev)... 216.239.38.21, 216.239.36.21, 216.239.32.21, ...
Connecting to go.dev (go.dev)|216.239.38.21|:443... connected.
HTTP request sent, awaiting response... 302 Found
Location: https://dl.google.com/go/go1.25.4.linux-amd64.tar.gz [following]
--2026-06-08 10:12:34--  https://dl.google.com/go/go1.25.4.linux-amd64.tar.gz
Resolving dl.google.com (dl.google.com)... 142.251.29.93, 142.251.29.91, 142.251.29.190, ...
Connecting to dl.google.com (dl.google.com)|142.251.29.93|:443... connected.
HTTP request sent, awaiting response... 200 OK
Length: 59766394 (57M) [application/x-gzip]
Saving to: ‘/tmp/go1.25.4.linux-amd64.tar.gz’

     0K .......... .......... .......... .......... ..........  0% 5.46M 10s
    50K .......... .......... .......... .......... ..........  0% 14.4M 7s
   100K .......... .......... .......... .......... ..........  0% 14.7M 6s
   150K .......... .......... .......... .......... ..........  0% 14.1M 6s
   200K .......... .......... .......... .......... ..........  0% 30.7M 5s
   250K .......... .......... .......... .......... ..........  0% 34.5M 4s
   300K .......... .......... .......... .......... ..........  0% 32.8M 4s
   350K .......... .......... .......... .......... ..........  0% 49.0M 4s
   400K .......... .......... .......... .......... ..........  0% 37.4M 3s
   450K .......... .......... .......... .......... ..........  0% 40.5M 3s
   500K .......... .......... .......... .......... ..........  0% 31.0M 3s
   550K .......... .......... .......... .......... ..........  1% 48.3M 3s
   600K .......... .......... .......... .......... ..........  1% 62.4M 3s
   650K .......... .......... .......... .......... ..........  1% 60.6M 3s
   700K .......... .......... .......... .......... ..........  1% 62.9M 2s
   750K .......... .......... .......... .......... ..........  1% 77.4M 2s
   800K .......... .......... .......... .......... ..........  1% 31.0M 2s
   850K .......... .......... .......... .......... ..........  1% 57.9M 2s
   900K .......... .......... .......... .......... ..........  1% 73.7M 2s
   950K .......... .......... .......... .......... ..........  1% 60.6M 2s
  1000K .......... .......... .......... .......... ..........  1% 70.7M 2s
  1050K .......... .......... .......... .......... ..........  1%  130M 2s
  1100K .......... .......... .......... .......... ..........  1%  102M 2s
  1150K .......... .......... .......... .......... ..........  2%  138M 2s
  1200K .......... .......... .......... .......... ..........  2% 94.6M 2s
  1250K .......... .......... .......... .......... ..........  2%  146M 2s
  1300K .......... .......... .......... .......... ..........  2%  112M 2s
  1350K .......... .......... .......... .......... ..........  2%  125M 2s
  1400K .......... .......... .......... .......... ..........  2%  130M 2s
  1450K .......... .......... .......... .......... ..........  2%  100M 2s
  1500K .......... .......... .......... .......... ..........  2%  116M 2s
  1550K .......... .......... .......... .......... ..........  2%  148M 1s
  1600K .......... .......... .......... .......... ..........  2%  102M 1s
  1650K .......... .......... .......... .......... ..........  2%  121M 1s
  1700K .......... .......... .......... .......... ..........  2%  106M 1s
  1750K .......... .......... .......... .......... ..........  3%  161M 1s
  1800K .......... .......... .......... .......... ..........  3%  160M 1s
  1850K .......... .......... .......... .......... ..........  3%  132M 1s
  1900K .......... .......... .......... .......... ..........  3%  143M 1s
  1950K .......... .......... .......... .......... ..........  3%  130M 1s
  2000K .......... .......... .......... .......... ..........  3% 28.5M 1s
  2050K .......... .......... .......... .......... ..........  3%  127M 1s
  2100K .......... .......... .......... .......... ..........  3%  146M 1s
  2150K .......... .......... .......... .......... ..........  3%  180M 1s
  2200K .......... .......... .......... .......... ..........  3%  166M 1s
  2250K .......... .......... .......... .......... ..........  3%  177M 1s
  2300K .......... .......... .......... .......... ..........  4%  145M 1s
  2350K .......... .......... .......... .......... ..........  4% 75.2M 1s
  2400K .......... .......... .......... .......... ..........  4%  160M 1s
  2450K .......... .......... .......... .......... ..........  4%  138M 1s
  2500K .......... .......... .......... .......... ..........  4%  150M 1s
  2550K .......... .......... .......... .......... ..........  4%  165M 1s
  2600K .......... .......... .......... .......... ..........  4%  149M 1s
  2650K .......... .......... .......... .......... ..........  4%  116M 1s
  2700K .......... .......... .......... .......... ..........  4%  165M 1s
  2750K .......... .......... .......... .......... ..........  4%  101M 1s
  2800K .......... .......... .......... .......... ..........  4%  151M 1s
  2850K .......... .......... .......... .......... ..........  4%  132M 1s
  2900K .......... .......... .......... .......... ..........  5%  163M 1s
  2950K .......... .......... .......... .......... ..........  5%  163M 1s
  3000K .......... .......... .......... .......... ..........  5%  166M 1s
  3050K .......... .......... .......... .......... ..........  5%  126M 1s
  3100K .......... .......... .......... .......... ..........  5%  160M 1s
  3150K .......... .......... .......... .......... ..........  5%  111M 1s
  3200K .......... .......... .......... .......... ..........  5%  153M 1s
  3250K .......... .......... .......... .......... ..........  5%  168M 1s
  3300K .......... .......... .......... .......... ..........  5%  119M 1s
  3350K .......... .......... .......... .......... ..........  5%  130M 1s
  3400K .......... .......... .......... .......... ..........  5%  162M 1s
  3450K .......... .......... .......... .......... ..........  5%  139M 1s
  3500K .......... .......... .......... .......... ..........  6%  171M 1s
  3550K .......... .......... .......... .......... ..........  6%  106M 1s
  3600K .......... .......... .......... .......... ..........  6%  147M 1s
  3650K .......... .......... .......... .......... ..........  6%  136M 1s
  3700K .......... .......... .......... .......... ..........  6%  127M 1s
  3750K .......... .......... .......... .......... ..........  6%  173M 1s
  3800K .......... .......... .......... .......... ..........  6%  135M 1s
  3850K .......... .......... .......... .......... ..........  6%  161M 1s
  3900K .......... .......... .......... .......... ..........  6%  159M 1s
  3950K .......... .......... .......... .......... ..........  6%  118M 1s
  4000K .......... .......... .......... .......... ..........  6%  178M 1s
  4050K .......... .......... .......... .......... ..........  7%  135M 1s
  4100K .......... .......... .......... .......... ..........  7% 22.4M 1s
  4150K .......... .......... .......... .......... ..........  7% 11.5M 1s
  4200K .......... .......... .......... .......... ..........  7% 12.8M 1s
  4250K .......... .......... .......... .......... ..........  7% 11.7M 1s
  4300K .......... .......... .......... .......... ..........  7% 14.7M 1s
  4350K .......... .......... .......... .......... ..........  7% 27.7M 1s
  4400K .......... .......... .......... .......... ..........  7% 19.9M 1s
  4450K .......... .......... .......... .......... ..........  7% 40.7M 1s
  4500K .......... .......... .......... .......... ..........  7% 18.1M 1s
  4550K .......... .......... .......... .......... ..........  7% 26.8M 1s
  4600K .......... .......... .......... .......... ..........  7%  114M 1s
  4650K .......... .......... .......... .......... ..........  8%  115M 1s
  4700K .......... .......... .......... .......... ..........  8% 51.9M 1s
  4750K .......... .......... .......... .......... ..........  8% 52.7M 1s
  4800K .......... .......... .......... .......... ..........  8% 37.7M 1s
  4850K .......... .......... .......... .......... ..........  8% 83.9M 1s
  4900K .......... .......... .......... .......... ..........  8% 45.5M 1s
  4950K .......... .......... .......... .......... ..........  8%  128M 1s
  5000K .......... .......... .......... .......... ..........  8% 11.9M 1s
  5050K .......... .......... .......... .......... ..........  8%  126M 1s
  5100K .......... .......... .......... .......... ..........  8%  132M 1s
  5150K .......... .......... .......... .......... ..........  8%  136M 1s
  5200K .......... .......... .......... .......... ..........  8% 40.9M 1s
  5250K .......... .......... .......... .......... ..........  9%  194M 1s
  5300K .......... .......... .......... .......... ..........  9%  192M 1s
  5350K .......... .......... .......... .......... ..........  9% 33.4M 1s
  5400K .......... .......... .......... .......... ..........  9%  129M 1s
  5450K .......... .......... .......... .......... ..........  9%  174M 1s
  5500K .......... .......... .......... .......... ..........  9%  176M 1s
  5550K .......... .......... .......... .......... ..........  9%  172M 1s
  5600K .......... .......... .......... .......... ..........  9%  133M 1s
  5650K .......... .......... .......... .......... ..........  9%  150M 1s
  5700K .......... .......... .......... .......... ..........  9% 31.9M 1s
  5750K .......... .......... .......... .......... ..........  9% 38.1M 1s
  5800K .......... .......... .......... .......... .......... 10%  154M 1s
  5850K .......... .......... .......... .......... .......... 10% 59.6M 1s
  5900K .......... .......... .......... .......... .......... 10%  178M 1s
  5950K .......... .......... .......... .......... .......... 10%  199M 1s
  6000K .......... .......... .......... .......... .......... 10%  162M 1s
  6050K .......... .......... .......... .......... .......... 10%  186M 1s
  6100K .......... .......... .......... .......... .......... 10%  139M 1s
  6150K .......... .......... .......... .......... .......... 10% 7.91M 1s
  6200K .......... .......... .......... .......... .......... 10%  143M 1s
  6250K .......... .......... .......... .......... .......... 10%  165M 1s
  6300K .......... .......... .......... .......... .......... 10%  177M 1s
  6350K .......... .......... .......... .......... .......... 10%  136M 1s
  6400K .......... .......... .......... .......... .......... 11%  112M 1s
  6450K .......... .......... .......... .......... .......... 11%  140M 1s
  6500K .......... .......... .......... .......... .......... 11%  134M 1s
  6550K .......... .......... .......... .......... .......... 11%  140M 1s
  6600K .......... .......... .......... .......... .......... 11%  154M 1s
  6650K .......... .......... .......... .......... .......... 11%  156M 1s
  6700K .......... .......... .......... .......... .......... 11%  161M 1s
  6750K .......... .......... .......... .......... .......... 11%  152M 1s
  6800K .......... .......... .......... .......... .......... 11%  125M 1s
  6850K .......... .......... .......... .......... .......... 11%  145M 1s
  6900K .......... .......... .......... .......... .......... 11%  150M 1s
  6950K .......... .......... .......... .......... .......... 11%  162M 1s
  7000K .......... .......... .......... .......... .......... 12%  150M 1s
  7050K .......... .......... .......... .......... .......... 12%  159M 1s
  7100K .......... .......... .......... .......... .......... 12%  143M 1s
  7150K .......... .......... .......... .......... .......... 12%  135M 1s
  7200K .......... .......... .......... .......... .......... 12%  116M 1s
  7250K .......... .......... .......... .......... .......... 12%  194M 1s
  7300K .......... .......... .......... .......... .......... 12%  148M 1s
  7350K .......... .......... .......... .......... .......... 12%  183M 1s
  7400K .......... .......... .......... .......... .......... 12%  164M 1s
  7450K .......... .......... .......... .......... .......... 12%  155M 1s
  7500K .......... .......... .......... .......... .......... 12%  152M 1s
  7550K .......... .......... .......... .......... .......... 13%  151M 1s
  7600K .......... .......... .......... .......... .......... 13%  111M 1s
  7650K .......... .......... .......... .......... .......... 13%  158M 1s
  7700K .......... .......... .......... .......... .......... 13%  153M 1s
  7750K .......... .......... .......... .......... .......... 13%  149M 1s
  7800K .......... .......... .......... .......... .......... 13%  156M 1s
  7850K .......... .......... .......... .......... .......... 13%  159M 1s
  7900K .......... .......... .......... .......... .......... 13%  153M 1s
  7950K .......... .......... .......... .......... .......... 13%  154M 1s
  8000K .......... .......... .......... .......... .......... 13%  128M 1s
  8050K .......... .......... .......... .......... .......... 13%  161M 1s
  8100K .......... .......... .......... .......... .......... 13%  157M 1s
  8150K .......... .......... .......... .......... .......... 14% 3.77M 1s
  8200K .......... .......... .......... .......... .......... 14% 7.51M 1s
  8250K .......... .......... .......... .......... .......... 14%  141M 1s
  8300K .......... .......... .......... .......... .......... 14%  184M 1s
  8350K .......... .......... .......... .......... .......... 14%  145M 1s
  8400K .......... .......... .......... .......... .......... 14%  119M 1s
  8450K .......... .......... .......... .......... .......... 14%  173M 1s
  8500K .......... .......... .......... .......... .......... 14%  146M 1s
  8550K .......... .......... .......... .......... .......... 14%  145M 1s
  8600K .......... .......... .......... .......... .......... 14%  170M 1s
  8650K .......... .......... .......... .......... .......... 14%  148M 1s
  8700K .......... .......... .......... .......... .......... 14%  161M 1s
  8750K .......... .......... .......... .......... .......... 15%  168M 1s
  8800K .......... .......... .......... .......... .......... 15%  124M 1s
  8850K .......... .......... .......... .......... .......... 15%  173M 1s
  8900K .......... .......... .......... .......... .......... 15%  157M 1s
  8950K .......... .......... .......... .......... .......... 15%  173M 1s
  9000K .......... .......... .......... .......... .......... 15%  154M 1s
  9050K .......... .......... .......... .......... .......... 15%  165M 1s
  9100K .......... .......... .......... .......... .......... 15%  156M 1s
  9150K .......... .......... .......... .......... .......... 15%  172M 1s
  9200K .......... .......... .......... .......... .......... 15%  103M 1s
  9250K .......... .......... .......... .......... .......... 15%  148M 1s
  9300K .......... .......... .......... .......... .......... 16%  164M 1s
  9350K .......... .......... .......... .......... .......... 16%  179M 1s
  9400K .......... .......... .......... .......... .......... 16%  177M 1s
  9450K .......... .......... .......... .......... .......... 16%  164M 1s
  9500K .......... .......... .......... .......... .......... 16%  120M 1s
  9550K .......... .......... .......... .......... .......... 16%  221M 1s
  9600K .......... .......... .......... .......... .......... 16%  147M 1s
  9650K .......... .......... .......... .......... .......... 16%  129M 1s
  9700K .......... .......... .......... .......... .......... 16%  199M 1s
  9750K .......... .......... .......... .......... .......... 16%  192M 1s
  9800K .......... .......... .......... .......... .......... 16%  189M 1s
  9850K .......... .......... .......... .......... .......... 16%  178M 1s
  9900K .......... .......... .......... .......... .......... 17%  188M 1s
  9950K .......... .......... .......... .......... .......... 17%  179M 1s
 10000K .......... .......... .......... .......... .......... 17%  133M 1s
 10050K .......... .......... .......... .......... .......... 17%  187M 1s
 10100K .......... .......... .......... .......... .......... 17%  141M 1s
 10150K .......... .......... .......... .......... .......... 17%  135M 1s
 10200K .......... .......... .......... .......... .......... 17% 68.4M 1s
 10250K .......... .......... .......... .......... .......... 17%  141M 1s
 10300K .......... .......... .......... .......... .......... 17%  165M 1s
 10350K .......... .......... .......... .......... .......... 17%  126M 1s
 10400K .......... .......... .......... .......... .......... 17% 97.7M 1s
 10450K .......... .......... .......... .......... .......... 17%  196M 1s
 10500K .......... .......... .......... .......... .......... 18%  186M 1s
 10550K .......... .......... .......... .......... .......... 18%  120M 1s
 10600K .......... .......... .......... .......... .......... 18%  193M 1s
 10650K .......... .......... .......... .......... .......... 18%  224M 1s
 10700K .......... .......... .......... .......... .......... 18%  192M 1s
 10750K .......... .......... .......... .......... .......... 18%  153M 1s
 10800K .......... .......... .......... .......... .......... 18%  149M 1s
 10850K .......... .......... .......... .......... .......... 18%  155M 1s
 10900K .......... .......... .......... .......... .......... 18%  150M 1s
 10950K .......... .......... .......... .......... .......... 18%  139M 1s
 11000K .......... .......... .......... .......... .......... 18%  150M 1s
 11050K .......... .......... .......... .......... .......... 19% 25.0M 1s
 11100K .......... .......... .......... .......... .......... 19% 83.7M 1s
 11150K .......... .......... .......... .......... .......... 19% 87.9M 1s
 11200K .......... .......... .......... .......... .......... 19%  138M 1s
 11250K .......... .......... .......... .......... .......... 19%  127M 1s
 11300K .......... .......... .......... .......... .......... 19%  101M 1s
 11350K .......... .......... .......... .......... .......... 19%  109M 1s
 11400K .......... .......... .......... .......... .......... 19%  126M 1s
 11450K .......... .......... .......... .......... .......... 19%  168M 1s
 11500K .......... .......... .......... .......... .......... 19%  139M 1s
 11550K .......... .......... .......... .......... .......... 19%  108M 1s
 11600K .......... .......... .......... .......... .......... 19%  153M 1s
 11650K .......... .......... .......... .......... .......... 20%  151M 1s
 11700K .......... .......... .......... .......... .......... 20%  105M 1s
 11750K .......... .......... .......... .......... .......... 20%  144M 1s
 11800K .......... .......... .......... .......... .......... 20%  138M 1s
 11850K .......... .......... .......... .......... .......... 20%  110M 1s
 11900K .......... .......... .......... .......... .......... 20%  168M 1s
 11950K .......... .......... .......... .......... .......... 20%  108M 1s
 12000K .......... .......... .......... .......... .......... 20%  173M 1s
 12050K .......... .......... .......... .......... .......... 20%  144M 1s
 12100K .......... .......... .......... .......... .......... 20%  161M 1s
 12150K .......... .......... .......... .......... .......... 20%  180M 1s
 12200K .......... .......... .......... .......... .......... 20%  167M 1s
 12250K .......... .......... .......... .......... .......... 21% 11.2M 1s
 12300K .......... .......... .......... .......... .......... 21% 1.67M 1s
 12350K .......... .......... .......... .......... .......... 21%  135M 1s
 12400K .......... .......... .......... .......... .......... 21%  109M 1s
 12450K .......... .......... .......... .......... .......... 21%  146M 1s
 12500K .......... .......... .......... .......... .......... 21%  144M 1s
 12550K .......... .......... .......... .......... .......... 21% 40.5M 1s
 12600K .......... .......... .......... .......... .......... 21%  171M 1s
 12650K .......... .......... .......... .......... .......... 21%  196M 1s
 12700K .......... .......... .......... .......... .......... 21%  212M 1s
 12750K .......... .......... .......... .......... .......... 21%  164M 1s
 12800K .......... .......... .......... .......... .......... 22% 3.23M 1s
 12850K .......... .......... .......... .......... .......... 22%  151M 1s
 12900K .......... .......... .......... .......... .......... 22%  190M 1s
 12950K .......... .......... .......... .......... .......... 22% 53.8M 1s
 13000K .......... .......... .......... .......... .......... 22% 75.0M 1s
 13050K .......... .......... .......... .......... .......... 22%  161M 1s
 13100K .......... .......... .......... .......... .......... 22% 95.6M 1s
 13150K .......... .......... .......... .......... .......... 22% 59.1M 1s
 13200K .......... .......... .......... .......... .......... 22%  131M 1s
 13250K .......... .......... .......... .......... .......... 22%  213M 1s
 13300K .......... .......... .......... .......... .......... 22%  200M 1s
 13350K .......... .......... .......... .......... .......... 22%  194M 1s
 13400K .......... .......... .......... .......... .......... 23%  191M 1s
 13450K .......... .......... .......... .......... .......... 23%  194M 1s
 13500K .......... .......... .......... .......... .......... 23%  197M 1s
 13550K .......... .......... .......... .......... .......... 23%  116M 1s
 13600K .......... .......... .......... .......... .......... 23% 14.2M 1s
 13650K .......... .......... .......... .......... .......... 23%  130M 1s
 13700K .......... .......... .......... .......... .......... 23%  125M 1s
 13750K .......... .......... .......... .......... .......... 23%  128M 1s
 13800K .......... .......... .......... .......... .......... 23%  122M 1s
 13850K .......... .......... .......... .......... .......... 23%  167M 1s
 13900K .......... .......... .......... .......... .......... 23%  138M 1s
 13950K .......... .......... .......... .......... .......... 23%  124M 1s
 14000K .......... .......... .......... .......... .......... 24%  105M 1s
 14050K .......... .......... .......... .......... .......... 24%  134M 1s
 14100K .......... .......... .......... .......... .......... 24%  162M 1s
 14150K .......... .......... .......... .......... .......... 24%  132M 1s
 14200K .......... .......... .......... .......... .......... 24%  129M 1s
 14250K .......... .......... .......... .......... .......... 24%  155M 1s
 14300K .......... .......... .......... .......... .......... 24%  123M 1s
 14350K .......... .......... .......... .......... .......... 24% 33.4M 1s
 14400K .......... .......... .......... .......... .......... 24%  183M 1s
 14450K .......... .......... .......... .......... .......... 24% 53.9M 1s
 14500K .......... .......... .......... .......... .......... 24%  123M 1s
 14550K .......... .......... .......... .......... .......... 25%  122M 1s
 14600K .......... .......... .......... .......... .......... 25%  157M 1s
 14650K .......... .......... .......... .......... .......... 25%  146M 1s
 14700K .......... .......... .......... .......... .......... 25%  111M 1s
 14750K .......... .......... .......... .......... .......... 25% 93.4M 1s
 14800K .......... .......... .......... .......... .......... 25%  126M 1s
 14850K .......... .......... .......... .......... .......... 25%  126M 1s
 14900K .......... .......... .......... .......... .......... 25%  136M 1s
 14950K .......... .......... .......... .......... .......... 25%  141M 1s
 15000K .......... .......... .......... .......... .......... 25%  134M 1s
 15050K .......... .......... .......... .......... .......... 25%  115M 1s
 15100K .......... .......... .......... .......... .......... 25%  142M 1s
 15150K .......... .......... .......... .......... .......... 26% 80.6M 1s
 15200K .......... .......... .......... .......... .......... 26%  113M 1s
 15250K .......... .......... .......... .......... .......... 26%  118M 1s
 15300K .......... .......... .......... .......... .......... 26%  115M 1s
 15350K .......... .......... .......... .......... .......... 26%  112M 1s
 15400K .......... .......... .......... .......... .......... 26% 22.1M 1s
 15450K .......... .......... .......... .......... .......... 26%  116M 1s
 15500K .......... .......... .......... .......... .......... 26% 73.9M 1s
 15550K .......... .......... .......... .......... .......... 26%  104M 1s
 15600K .......... .......... .......... .......... .......... 26% 29.2M 1s
 15650K .......... .......... .......... .......... .......... 26%  176M 1s
 15700K .......... .......... .......... .......... .......... 26%  188M 1s
 15750K .......... .......... .......... .......... .......... 27%  180M 1s
 15800K .......... .......... .......... .......... .......... 27% 34.0M 1s
 15850K .......... .......... .......... .......... .......... 27%  152M 1s
 15900K .......... .......... .......... .......... .......... 27% 47.8M 1s
 15950K .......... .......... .......... .......... .......... 27%  101M 1s
 16000K .......... .......... .......... .......... .......... 27% 46.9M 1s
 16050K .......... .......... .......... .......... .......... 27%  187M 1s
 16100K .......... .......... .......... .......... .......... 27%  197M 1s
 16150K .......... .......... .......... .......... .......... 27%  171M 1s
 16200K .......... .......... .......... .......... .......... 27%  191M 1s
 16250K .......... .......... .......... .......... .......... 27%  193M 1s
 16300K .......... .......... .......... .......... .......... 28%  211M 1s
 16350K .......... .......... .......... .......... .......... 28% 77.6M 1s
 16400K .......... .......... .......... .......... .......... 28%  175M 1s
 16450K .......... .......... .......... .......... .......... 28%  162M 1s
 16500K .......... .......... .......... .......... .......... 28%  175M 1s
 16550K .......... .......... .......... .......... .......... 28%  174M 1s
 16600K .......... .......... .......... .......... .......... 28%  182M 1s
 16650K .......... .......... .......... .......... .......... 28% 33.9M 1s
 16700K .......... .......... .......... .......... .......... 28% 35.1M 1s
 16750K .......... .......... .......... .......... .......... 28%  127M 1s
 16800K .......... .......... .......... .......... .......... 28%  178M 1s
 16850K .......... .......... .......... .......... .......... 28%  181M 1s
 16900K .......... .......... .......... .......... .......... 29% 86.8M 1s
 16950K .......... .......... .......... .......... .......... 29% 71.4M 1s
 17000K .......... .......... .......... .......... .......... 29%  102M 1s
 17050K .......... .......... .......... .......... .......... 29%  178M 1s
 17100K .......... .......... .......... .......... .......... 29% 63.7M 1s
 17150K .......... .......... .......... .......... .......... 29% 61.9M 1s
 17200K .......... .......... .......... .......... .......... 29%  195M 1s
 17250K .......... .......... .......... .......... .......... 29%  165M 1s
 17300K .......... .......... .......... .......... .......... 29%  160M 1s
 17350K .......... .......... .......... .......... .......... 29%  158M 1s
 17400K .......... .......... .......... .......... .......... 29%  191M 1s
 17450K .......... .......... .......... .......... .......... 29%  205M 1s
 17500K .......... .......... .......... .......... .......... 30% 44.9M 1s
 17550K .......... .......... .......... .......... .......... 30% 60.5M 1s
 17600K .......... .......... .......... .......... .......... 30% 73.6M 1s
 17650K .......... .......... .......... .......... .......... 30%  172M 1s
 17700K .......... .......... .......... .......... .......... 30%  156M 1s
 17750K .......... .......... .......... .......... .......... 30%  166M 1s
 17800K .......... .......... .......... .......... .......... 30%  162M 1s
 17850K .......... .......... .......... .......... .......... 30%  181M 1s
 17900K .......... .......... .......... .......... .......... 30%  163M 1s
 17950K .......... .......... .......... .......... .......... 30%  131M 1s
 18000K .......... .......... .......... .......... .......... 30%  187M 1s
 18050K .......... .......... .......... .......... .......... 31%  174M 1s
 18100K .......... .......... .......... .......... .......... 31%  156M 1s
 18150K .......... .......... .......... .......... .......... 31%  163M 1s
 18200K .......... .......... .......... .......... .......... 31%  161M 1s
 18250K .......... .......... .......... .......... .......... 31%  181M 1s
 18300K .......... .......... .......... .......... .......... 31%  155M 1s
 18350K .......... .......... .......... .......... .......... 31%  127M 1s
 18400K .......... .......... .......... .......... .......... 31% 1.74M 1s
 18450K .......... .......... .......... .......... .......... 31% 8.45M 1s
 18500K .......... .......... .......... .......... .......... 31%  135M 1s
 18550K .......... .......... .......... .......... .......... 31%  155M 1s
 18600K .......... .......... .......... .......... .......... 31%  173M 1s
 18650K .......... .......... .......... .......... .......... 32%  158M 1s
 18700K .......... .......... .......... .......... .......... 32%  184M 1s
 18750K .......... .......... .......... .......... .......... 32%  164M 1s
 18800K .......... .......... .......... .......... .......... 32%  129M 1s
 18850K .......... .......... .......... .......... .......... 32%  143M 1s
 18900K .......... .......... .......... .......... .......... 32%  143M 1s
 18950K .......... .......... .......... .......... .......... 32%  138M 1s
 19000K .......... .......... .......... .......... .......... 32%  165M 1s
 19050K .......... .......... .......... .......... .......... 32%  143M 1s
 19100K .......... .......... .......... .......... .......... 32%  146M 1s
 19150K .......... .......... .......... .......... .......... 32%  157M 1s
 19200K .......... .......... .......... .......... .......... 32%  118M 1s
 19250K .......... .......... .......... .......... .......... 33%  132M 1s
 19300K .......... .......... .......... .......... .......... 33%  156M 1s
 19350K .......... .......... .......... .......... .......... 33%  169M 1s
 19400K .......... .......... .......... .......... .......... 33%  133M 1s
 19450K .......... .......... .......... .......... .......... 33%  151M 1s
 19500K .......... .......... .......... .......... .......... 33%  146M 1s
 19550K .......... .......... .......... .......... .......... 33%  137M 1s
 19600K .......... .......... .......... .......... .......... 33%  136M 1s
 19650K .......... .......... .......... .......... .......... 33%  168M 1s
 19700K .......... .......... .......... .......... .......... 33%  147M 1s
 19750K .......... .......... .......... .......... .......... 33%  143M 1s
 19800K .......... .......... .......... .......... .......... 34%  141M 1s
 19850K .......... .......... .......... .......... .......... 34%  133M 1s
 19900K .......... .......... .......... .......... .......... 34%  154M 1s
 19950K .......... .......... .......... .......... .......... 34%  154M 1s
 20000K .......... .......... .......... .......... .......... 34%  121M 1s
 20050K .......... .......... .......... .......... .......... 34%  152M 1s
 20100K .......... .......... .......... .......... .......... 34%  168M 1s
 20150K .......... .......... .......... .......... .......... 34%  145M 1s
 20200K .......... .......... .......... .......... .......... 34%  162M 1s
 20250K .......... .......... .......... .......... .......... 34%  166M 1s
 20300K .......... .......... .......... .......... .......... 34%  137M 1s
 20350K .......... .......... .......... .......... .......... 34%  182M 1s
 20400K .......... .......... .......... .......... .......... 35%  130M 1s
 20450K .......... .......... .......... .......... .......... 35%  132M 1s
 20500K .......... .......... .......... .......... .......... 35%  146M 1s
 20550K .......... .......... .......... .......... .......... 35%  144M 1s
 20600K .......... .......... .......... .......... .......... 35%  160M 1s
 20650K .......... .......... .......... .......... .......... 35%  143M 1s
 20700K .......... .......... .......... .......... .......... 35%  163M 1s
 20750K .......... .......... .......... .......... .......... 35%  109M 1s
 20800K .......... .......... .......... .......... .......... 35%  162M 1s
 20850K .......... .......... .......... .......... .......... 35%  157M 1s
 20900K .......... .......... .......... .......... .......... 35%  153M 1s
 20950K .......... .......... .......... .......... .......... 35%  177M 1s
 21000K .......... .......... .......... .......... .......... 36%  167M 1s
 21050K .......... .......... .......... .......... .......... 36%  182M 1s
 21100K .......... .......... .......... .......... .......... 36%  156M 1s
 21150K .......... .......... .......... .......... .......... 36%  118M 1s
 21200K .......... .......... .......... .......... .......... 36%  150M 1s
 21250K .......... .......... .......... .......... .......... 36%  170M 1s
 21300K .......... .......... .......... .......... .......... 36%  169M 1s
 21350K .......... .......... .......... .......... .......... 36%  154M 1s
 21400K .......... .......... .......... .......... .......... 36%  160M 1s
 21450K .......... .......... .......... .......... .......... 36%  143M 1s
 21500K .......... .......... .......... .......... .......... 36%  185M 1s
 21550K .......... .......... .......... .......... .......... 37%  111M 1s
 21600K .......... .......... .......... .......... .......... 37%  162M 1s
 21650K .......... .......... .......... .......... .......... 37%  148M 1s
 21700K .......... .......... .......... .......... .......... 37%  168M 1s
 21750K .......... .......... .......... .......... .......... 37%  175M 1s
 21800K .......... .......... .......... .......... .......... 37%  168M 1s
 21850K .......... .......... .......... .......... .......... 37%  148M 1s
 21900K .......... .......... .......... .......... .......... 37%  171M 1s
 21950K .......... .......... .......... .......... .......... 37%  156M 1s
 22000K .......... .......... .......... .......... .......... 37%  116M 1s
 22050K .......... .......... .......... .......... .......... 37%  156M 1s
 22100K .......... .......... .......... .......... .......... 37%  167M 1s
 22150K .......... .......... .......... .......... .......... 38%  159M 1s
 22200K .......... .......... .......... .......... .......... 38%  176M 1s
 22250K .......... .......... .......... .......... .......... 38%  166M 1s
 22300K .......... .......... .......... .......... .......... 38%  184M 1s
 22350K .......... .......... .......... .......... .......... 38%  145M 1s
 22400K .......... .......... .......... .......... .......... 38%  130M 1s
 22450K .......... .......... .......... .......... .......... 38%  156M 1s
 22500K .......... .......... .......... .......... .......... 38%  606K 1s
 22550K .......... .......... .......... .......... .......... 38% 5.26M 1s
 22600K .......... .......... .......... .......... .......... 38%  165M 1s
 22650K .......... .......... .......... .......... .......... 38%  164M 1s
 22700K .......... .......... .......... .......... .......... 38%  187M 1s
 22750K .......... .......... .......... .......... .......... 39%  154M 1s
 22800K .......... .......... .......... .......... .......... 39%  102M 1s
 22850K .......... .......... .......... .......... .......... 39%  139M 1s
 22900K .......... .......... .......... .......... .......... 39%  137M 1s
 22950K .......... .......... .......... .......... .......... 39%  179M 1s
 23000K .......... .......... .......... .......... .......... 39%  146M 1s
 23050K .......... .......... .......... .......... .......... 39%  149M 1s
 23100K .......... .......... .......... .......... .......... 39%  167M 1s
 23150K .......... .......... .......... .......... .......... 39%  184M 1s
 23200K .......... .......... .......... .......... .......... 39%  122M 1s
 23250K .......... .......... .......... .......... .......... 39%  158M 1s
 23300K .......... .......... .......... .......... .......... 40%  166M 1s
 23350K .......... .......... .......... .......... .......... 40%  181M 1s
 23400K .......... .......... .......... .......... .......... 40%  162M 1s
 23450K .......... .......... .......... .......... .......... 40%  152M 1s
 23500K .......... .......... .......... .......... .......... 40%  164M 1s
 23550K .......... .......... .......... .......... .......... 40%  173M 1s
 23600K .......... .......... .......... .......... .......... 40%  103M 1s
 23650K .......... .......... .......... .......... .......... 40%  137M 1s
 23700K .......... .......... .......... .......... .......... 40%  144M 1s
 23750K .......... .......... .......... .......... .......... 40%  173M 1s
 23800K .......... .......... .......... .......... .......... 40%  159M 1s
 23850K .......... .......... .......... .......... .......... 40%  142M 1s
 23900K .......... .......... .......... .......... .......... 41%  173M 1s
 23950K .......... .......... .......... .......... .......... 41%  170M 1s
 24000K .......... .......... .......... .......... .......... 41%  119M 1s
 24050K .......... .......... .......... .......... .......... 41%  142M 1s
 24100K .......... .......... .......... .......... .......... 41%  165M 1s
 24150K .......... .......... .......... .......... .......... 41%  166M 1s
 24200K .......... .......... .......... .......... .......... 41%  161M 1s
 24250K .......... .......... .......... .......... .......... 41%  157M 1s
 24300K .......... .......... .......... .......... .......... 41%  169M 1s
 24350K .......... .......... .......... .......... .......... 41%  130M 1s
 24400K .......... .......... .......... .......... .......... 41%  139M 1s
 24450K .......... .......... .......... .......... .......... 41%  168M 1s
 24500K .......... .......... .......... .......... .......... 42%  140M 1s
 24550K .......... .......... .......... .......... .......... 42%  156M 1s
 24600K .......... .......... .......... .......... .......... 42%  146M 1s
 24650K .......... .......... .......... .......... .......... 42%  141M 1s
 24700K .......... .......... .......... .......... .......... 42%  146M 1s
 24750K .......... .......... .......... .......... .......... 42% 97.6M 1s
 24800K .......... .......... .......... .......... .......... 42%  150M 1s
 24850K .......... .......... .......... .......... .......... 42%  183M 1s
 24900K .......... .......... .......... .......... .......... 42%  134M 1s
 24950K .......... .......... .......... .......... .......... 42%  148M 1s
 25000K .......... .......... .......... .......... .......... 42%  165M 1s
 25050K .......... .......... .......... .......... .......... 43%  148M 1s
 25100K .......... .......... .......... .......... .......... 43%  147M 1s
 25150K .......... .......... .......... .......... .......... 43%  129M 1s
 25200K .......... .......... .......... .......... .......... 43%  148M 1s
 25250K .......... .......... .......... .......... .......... 43%  148M 1s
 25300K .......... .......... .......... .......... .......... 43%  142M 1s
 25350K .......... .......... .......... .......... .......... 43%  154M 1s
 25400K .......... .......... .......... .......... .......... 43%  165M 1s
 25450K .......... .......... .......... .......... .......... 43%  151M 1s
 25500K .......... .......... .......... .......... .......... 43%  154M 1s
 25550K .......... .......... .......... .......... .......... 43%  120M 1s
 25600K .......... .......... .......... .......... .......... 43%  153M 1s
 25650K .......... .......... .......... .......... .......... 44%  156M 1s
 25700K .......... .......... .......... .......... .......... 44%  165M 1s
 25750K .......... .......... .......... .......... .......... 44%  179M 1s
 25800K .......... .......... .......... .......... .......... 44%  162M 1s
 25850K .......... .......... .......... .......... .......... 44%  170M 1s
 25900K .......... .......... .......... .......... .......... 44%  160M 1s
 25950K .......... .......... .......... .......... .......... 44%  124M 1s
 26000K .......... .......... .......... .......... .......... 44%  157M 1s
 26050K .......... .......... .......... .......... .......... 44%  159M 1s
 26100K .......... .......... .......... .......... .......... 44%  159M 1s
 26150K .......... .......... .......... .......... .......... 44%  171M 1s
 26200K .......... .......... .......... .......... .......... 44%  154M 1s
 26250K .......... .......... .......... .......... .......... 45%  168M 1s
 26300K .......... .......... .......... .......... .......... 45%  158M 1s
 26350K .......... .......... .......... .......... .......... 45%  124M 1s
 26400K .......... .......... .......... .......... .......... 45%  167M 1s
 26450K .......... .......... .......... .......... .......... 45%  156M 1s
 26500K .......... .......... .......... .......... .......... 45%  165M 1s
 26550K .......... .......... .......... .......... .......... 45%  157M 1s
 26600K .......... .......... .......... .......... .......... 45%  161M 1s
 26650K .......... .......... .......... .......... .......... 45%  156M 1s
 26700K .......... .......... .......... .......... .......... 45%  164M 1s
 26750K .......... .......... .......... .......... .......... 45%  120M 1s
 26800K .......... .......... .......... .......... .......... 46%  153M 1s
 26850K .......... .......... .......... .......... .......... 46%  164M 1s
 26900K .......... .......... .......... .......... .......... 46%  166M 1s
 26950K .......... .......... .......... .......... .......... 46%  170M 1s
 27000K .......... .......... .......... .......... .......... 46%  165M 1s
 27050K .......... .......... .......... .......... .......... 46%  176M 1s
 27100K .......... .......... .......... .......... .......... 46%  162M 1s
 27150K .......... .......... .......... .......... .......... 46%  123M 1s
 27200K .......... .......... .......... .......... .......... 46%  153M 1s
 27250K .......... .......... .......... .......... .......... 46%  162M 1s
 27300K .......... .......... .......... .......... .......... 46%  166M 1s
 27350K .......... .......... .......... .......... .......... 46%  183M 1s
 27400K .......... .......... .......... .......... .......... 47%  197M 1s
 27450K .......... .......... .......... .......... .......... 47%  163M 1s
 27500K .......... .......... .......... .......... .......... 47%  163M 1s
 27550K .......... .......... .......... .......... .......... 47%  120M 1s
 27600K .......... .......... .......... .......... .......... 47%  146M 1s
 27650K .......... .......... .......... .......... .......... 47%  166M 1s
 27700K .......... .......... .......... .......... .......... 47%  166M 1s
 27750K .......... .......... .......... .......... .......... 47%  168M 1s
 27800K .......... .......... .......... .......... .......... 47%  165M 1s
 27850K .......... .......... .......... .......... .......... 47%  109M 1s
 27900K .......... .......... .......... .......... .......... 47%  147M 1s
 27950K .......... .......... .......... .......... .......... 47%  134M 1s
 28000K .......... .......... .......... .......... .......... 48%  156M 1s
 28050K .......... .......... .......... .......... .......... 48%  148M 1s
 28100K .......... .......... .......... .......... .......... 48%  156M 1s
 28150K .......... .......... .......... .......... .......... 48%  164M 1s
 28200K .......... .......... .......... .......... .......... 48%  107M 1s
 28250K .......... .......... .......... .......... .......... 48%  186M 1s
 28300K .......... .......... .......... .......... .......... 48%  218M 1s
 28350K .......... .......... .......... .......... .......... 48%  222M 0s
 28400K .......... .......... .......... .......... .......... 48%  143M 0s
 28450K .......... .......... .......... .......... .......... 48%  189M 0s
 28500K .......... .......... .......... .......... .......... 48%  210M 0s
 28550K .......... .......... .......... .......... .......... 49%  190M 0s
 28600K .......... .......... .......... .......... .......... 49%  182M 0s
 28650K .......... .......... .......... .......... .......... 49% 4.11M 1s
 28700K .......... .......... .......... .......... .......... 49% 1.86M 1s
 28750K .......... .......... .......... .......... .......... 49% 1.86M 1s
 28800K .......... .......... .......... .......... .......... 49% 1.25M 1s
 28850K .......... .......... .......... .......... .......... 49% 1.85M 1s
 28900K .......... .......... .......... .......... .......... 49% 1.89M 1s
 28950K .......... .......... .......... .......... .......... 49% 1.89M 1s
 29000K .......... .......... .......... .......... .......... 49% 5.08M 1s
 29050K .......... .......... .......... .......... .......... 49% 6.62M 1s
 29100K .......... .......... .......... .......... .......... 49% 22.9M 1s
 29150K .......... .......... .......... .......... .......... 50% 19.4M 1s
 29200K .......... .......... .......... .......... .......... 50% 10.8M 1s
 29250K .......... .......... .......... .......... .......... 50% 28.5M 1s
 29300K .......... .......... .......... .......... .......... 50% 26.6M 1s
 29350K .......... .......... .......... .......... .......... 50% 51.7M 1s
 29400K .......... .......... .......... .......... .......... 50% 21.6M 1s
 29450K .......... .......... .......... .......... .......... 50% 36.6M 1s
 29500K .......... .......... .......... .......... .......... 50% 38.4M 1s
 29550K .......... .......... .......... .......... .......... 50% 44.4M 1s
 29600K .......... .......... .......... .......... .......... 50% 54.7M 1s
 29650K .......... .......... .......... .......... .......... 50% 37.6M 1s
 29700K .......... .......... .......... .......... .......... 50%  112M 1s
 29750K .......... .......... .......... .......... .......... 51% 63.2M 1s
 29800K .......... .......... .......... .......... .......... 51% 41.5M 1s
 29850K .......... .......... .......... .......... .......... 51%  137M 1s
 29900K .......... .......... .......... .......... .......... 51% 40.1M 1s
 29950K .......... .......... .......... .......... .......... 51%  143M 1s
 30000K .......... .......... .......... .......... .......... 51% 51.8M 1s
 30050K .......... .......... .......... .......... .......... 51%  147M 1s
 30100K .......... .......... .......... .......... .......... 51%  126M 1s
 30150K .......... .......... .......... .......... .......... 51% 69.5M 1s
 30200K .......... .......... .......... .......... .......... 51% 94.9M 1s
 30250K .......... .......... .......... .......... .......... 51%  112M 1s
 30300K .......... .......... .......... .......... .......... 51% 99.1M 1s
 30350K .......... .......... .......... .......... .......... 52%  142M 1s
 30400K .......... .......... .......... .......... .......... 52% 45.3M 1s
 30450K .......... .......... .......... .......... .......... 52%  154M 1s
 30500K .......... .......... .......... .......... .......... 52%  161M 1s
 30550K .......... .......... .......... .......... .......... 52%  140M 1s
 30600K .......... .......... .......... .......... .......... 52%  164M 1s
 30650K .......... .......... .......... .......... .......... 52%  152M 1s
 30700K .......... .......... .......... .......... .......... 52% 86.7M 1s
 30750K .......... .......... .......... .......... .......... 52% 88.5M 1s
 30800K .......... .......... .......... .......... .......... 52%  111M 1s
 30850K .......... .......... .......... .......... .......... 52%  142M 1s
 30900K .......... .......... .......... .......... .......... 53%  116M 1s
 30950K .......... .......... .......... .......... .......... 53%  191M 1s
 31000K .......... .......... .......... .......... .......... 53%  141M 1s
 31050K .......... .......... .......... .......... .......... 53%  129M 1s
 31100K .......... .......... .......... .......... .......... 53%  140M 1s
 31150K .......... .......... .......... .......... .......... 53% 66.3M 1s
 31200K .......... .......... .......... .......... .......... 53%  111M 1s
 31250K .......... .......... .......... .......... .......... 53%  114M 1s
 31300K .......... .......... .......... .......... .......... 53%  112M 1s
 31350K .......... .......... .......... .......... .......... 53% 99.5M 1s
 31400K .......... .......... .......... .......... .......... 53% 64.4M 1s
 31450K .......... .......... .......... .......... .......... 53% 70.3M 1s
 31500K .......... .......... .......... .......... .......... 54%  105M 1s
 31550K .......... .......... .......... .......... .......... 54% 62.6M 1s
 31600K .......... .......... .......... .......... .......... 54% 68.2M 1s
 31650K .......... .......... .......... .......... .......... 54% 64.2M 1s
 31700K .......... .......... .......... .......... .......... 54%  195M 1s
 31750K .......... .......... .......... .......... .......... 54%  201M 1s
 31800K .......... .......... .......... .......... .......... 54%  192M 1s
 31850K .......... .......... .......... .......... .......... 54%  127M 1s
 31900K .......... .......... .......... .......... .......... 54%  193M 1s
 31950K .......... .......... .......... .......... .......... 54%  110M 1s
 32000K .......... .......... .......... .......... .......... 54%  165M 1s
 32050K .......... .......... .......... .......... .......... 54%  180M 1s
 32100K .......... .......... .......... .......... .......... 55%  182M 1s
 32150K .......... .......... .......... .......... .......... 55%  166M 1s
 32200K .......... .......... .......... .......... .......... 55%  177M 1s
 32250K .......... .......... .......... .......... .......... 55%  136M 1s
 32300K .......... .......... .......... .......... .......... 55%  137M 1s
 32350K .......... .......... .......... .......... .......... 55%  111M 1s
 32400K .......... .......... .......... .......... .......... 55%  136M 1s
 32450K .......... .......... .......... .......... .......... 55%  151M 1s
 32500K .......... .......... .......... .......... .......... 55%  141M 1s
 32550K .......... .......... .......... .......... .......... 55%  152M 1s
 32600K .......... .......... .......... .......... .......... 55%  130M 1s
 32650K .......... .......... .......... .......... .......... 56%  144M 1s
 32700K .......... .......... .......... .......... .......... 56%  140M 1s
 32750K .......... .......... .......... .......... .......... 56%  118M 1s
 32800K .......... .......... .......... .......... .......... 56%  188M 1s
 32850K .......... .......... .......... .......... .......... 56%  127M 1s
 32900K .......... .......... .......... .......... .......... 56%  165M 1s
 32950K .......... .......... .......... .......... .......... 56%  174M 1s
 33000K .......... .......... .......... .......... .......... 56%  117M 1s
 33050K .......... .......... .......... .......... .......... 56%  135M 1s
 33100K .......... .......... .......... .......... .......... 56% 78.1M 1s
 33150K .......... .......... .......... .......... .......... 56%  104M 1s
 33200K .......... .......... .......... .......... .......... 56%  147M 1s
 33250K .......... .......... .......... .......... .......... 57%  167M 1s
 33300K .......... .......... .......... .......... .......... 57%  160M 1s
 33350K .......... .......... .......... .......... .......... 57%  149M 1s
 33400K .......... .......... .......... .......... .......... 57% 84.1M 1s
 33450K .......... .......... .......... .......... .......... 57%  184M 1s
 33500K .......... .......... .......... .......... .......... 57%  186M 1s
 33550K .......... .......... .......... .......... .......... 57%  132M 1s
 33600K .......... .......... .......... .......... .......... 57%  103M 1s
 33650K .......... .......... .......... .......... .......... 57%  165M 1s
 33700K .......... .......... .......... .......... .......... 57%  153M 1s
 33750K .......... .......... .......... .......... .......... 57%  144M 1s
 33800K .......... .......... .......... .......... .......... 57%  142M 1s
 33850K .......... .......... .......... .......... .......... 58%  142M 1s
 33900K .......... .......... .......... .......... .......... 58%  147M 1s
 33950K .......... .......... .......... .......... .......... 58% 89.6M 1s
 34000K .......... .......... .......... .......... .......... 58%  141M 1s
 34050K .......... .......... .......... .......... .......... 58%  185M 1s
 34100K .......... .......... .......... .......... .......... 58%  125M 1s
 34150K .......... .......... .......... .......... .......... 58%  180M 1s
 34200K .......... .......... .......... .......... .......... 58%  187M 1s
 34250K .......... .......... .......... .......... .......... 58%  127M 1s
 34300K .......... .......... .......... .......... .......... 58%  173M 1s
 34350K .......... .......... .......... .......... .......... 58%  136M 1s
 34400K .......... .......... .......... .......... .......... 59%  165M 1s
 34450K .......... .......... .......... .......... .......... 59%  141M 1s
 34500K .......... .......... .......... .......... .......... 59%  135M 1s
 34550K .......... .......... .......... .......... .......... 59%  136M 1s
 34600K .......... .......... .......... .......... .......... 59%  151M 1s
 34650K .......... .......... .......... .......... .......... 59%  138M 1s
 34700K .......... .......... .......... .......... .......... 59%  135M 1s
 34750K .......... .......... .......... .......... .......... 59%  105M 1s
 34800K .......... .......... .......... .......... .......... 59%  134M 0s
 34850K .......... .......... .......... .......... .......... 59% 10.0M 1s
 34900K .......... .......... .......... .......... .......... 59% 45.5M 0s
 34950K .......... .......... .......... .......... .......... 59% 16.6M 0s
 35000K .......... .......... .......... .......... .......... 60% 18.2M 0s
 35050K .......... .......... .......... .......... .......... 60% 25.8M 0s
 35100K .......... .......... .......... .......... .......... 60% 46.3M 0s
 35150K .......... .......... .......... .......... .......... 60% 42.1M 0s
 35200K .......... .......... .......... .......... .......... 60% 30.7M 0s
 35250K .......... .......... .......... .......... .......... 60% 31.1M 0s
 35300K .......... .......... .......... .......... .......... 60% 26.8M 0s
 35350K .......... .......... .......... .......... .......... 60%  181M 0s
 35400K .......... .......... .......... .......... .......... 60% 78.2M 0s
 35450K .......... .......... .......... .......... .......... 60%  133M 0s
 35500K .......... .......... .......... .......... .......... 60% 45.9M 0s
 35550K .......... .......... .......... .......... .......... 60%  123M 0s
 35600K .......... .......... .......... .......... .......... 61% 80.5M 0s
 35650K .......... .......... .......... .......... .......... 61%  102M 0s
 35700K .......... .......... .......... .......... .......... 61% 90.9M 0s
 35750K .......... .......... .......... .......... .......... 61% 31.6M 0s
 35800K .......... .......... .......... .......... .......... 61%  127M 0s
 35850K .......... .......... .......... .......... .......... 61%  128M 0s
 35900K .......... .......... .......... .......... .......... 61%  133M 0s
 35950K .......... .......... .......... .......... .......... 61%  151M 0s
 36000K .......... .......... .......... .......... .......... 61% 61.3M 0s
 36050K .......... .......... .......... .......... .......... 61%  153M 0s
 36100K .......... .......... .......... .......... .......... 61%  175M 0s
 36150K .......... .......... .......... .......... .......... 62%  179M 0s
 36200K .......... .......... .......... .......... .......... 62% 35.9M 0s
 36250K .......... .......... .......... .......... .......... 62%  139M 0s
 36300K .......... .......... .......... .......... .......... 62% 93.6M 0s
 36350K .......... .......... .......... .......... .......... 62% 77.0M 0s
 36400K .......... .......... .......... .......... .......... 62%  104M 0s
 36450K .......... .......... .......... .......... .......... 62%  103M 0s
 36500K .......... .......... .......... .......... .......... 62%  145M 0s
 36550K .......... .......... .......... .......... .......... 62%  146M 0s
 36600K .......... .......... .......... .......... .......... 62%  147M 0s
 36650K .......... .......... .......... .......... .......... 62%  154M 0s
 36700K .......... .......... .......... .......... .......... 62%  141M 0s
 36750K .......... .......... .......... .......... .......... 63%  154M 0s
 36800K .......... .......... .......... .......... .......... 63%  112M 0s
 36850K .......... .......... .......... .......... .......... 63% 3.70M 0s
 36900K .......... .......... .......... .......... .......... 63% 3.75M 0s
 36950K .......... .......... .......... .......... .......... 63% 13.4M 0s
 37000K .......... .......... .......... .......... .......... 63% 7.55M 0s
 37050K .......... .......... .......... .......... .......... 63% 13.2M 0s
 37100K .......... .......... .......... .......... .......... 63% 13.2M 0s
 37150K .......... .......... .......... .......... .......... 63% 32.1M 0s
 37200K .......... .......... .......... .......... .......... 63% 14.6M 0s
 37250K .......... .......... .......... .......... .......... 63% 26.3M 0s
 37300K .......... .......... .......... .......... .......... 63% 16.3M 0s
 37350K .......... .......... .......... .......... .......... 64% 23.0M 0s
 37400K .......... .......... .......... .......... .......... 64% 68.8M 0s
 37450K .......... .......... .......... .......... .......... 64% 44.0M 0s
 37500K .......... .......... .......... .......... .......... 64% 53.7M 0s
 37550K .......... .......... .......... .......... .......... 64% 45.0M 0s
 37600K .......... .......... .......... .......... .......... 64% 30.2M 0s
 37650K .......... .......... .......... .......... .......... 64% 35.4M 0s
 37700K .......... .......... .......... .......... .......... 64% 25.0M 0s
 37750K .......... .......... .......... .......... .......... 64% 88.8M 0s
 37800K .......... .......... .......... .......... .......... 64%  114M 0s
 37850K .......... .......... .......... .......... .......... 64%  144M 0s
 37900K .......... .......... .......... .......... .......... 65%  166M 0s
 37950K .......... .......... .......... .......... .......... 65% 93.4M 0s
 38000K .......... .......... .......... .......... .......... 65% 73.8M 0s
 38050K .......... .......... .......... .......... .......... 65% 91.9M 0s
 38100K .......... .......... .......... .......... .......... 65%  137M 0s
 38150K .......... .......... .......... .......... .......... 65% 69.8M 0s
 38200K .......... .......... .......... .......... .......... 65% 78.9M 0s
 38250K .......... .......... .......... .......... .......... 65% 58.0M 0s
 38300K .......... .......... .......... .......... .......... 65%  158M 0s
 38350K .......... .......... .......... .......... .......... 65% 84.3M 0s
 38400K .......... .......... .......... .......... .......... 65%  132M 0s
 38450K .......... .......... .......... .......... .......... 65% 43.6M 0s
 38500K .......... .......... .......... .......... .......... 66%  142M 0s
 38550K .......... .......... .......... .......... .......... 66% 82.1M 0s
 38600K .......... .......... .......... .......... .......... 66%  116M 0s
 38650K .......... .......... .......... .......... .......... 66%  154M 0s
 38700K .......... .......... .......... .......... .......... 66% 83.4M 0s
 38750K .......... .......... .......... .......... .......... 66%  166M 0s
 38800K .......... .......... .......... .......... .......... 66% 98.7M 0s
 38850K .......... .......... .......... .......... .......... 66%  148M 0s
 38900K .......... .......... .......... .......... .......... 66%  157M 0s
 38950K .......... .......... .......... .......... .......... 66%  193M 0s
 39000K .......... .......... .......... .......... .......... 66%  178M 0s
 39050K .......... .......... .......... .......... .......... 66%  182M 0s
 39100K .......... .......... .......... .......... .......... 67%  166M 0s
 39150K .......... .......... .......... .......... .......... 67%  128M 0s
 39200K .......... .......... .......... .......... .......... 67%  148M 0s
 39250K .......... .......... .......... .......... .......... 67%  130M 0s
 39300K .......... .......... .......... .......... .......... 67%  145M 0s
 39350K .......... .......... .......... .......... .......... 67%  156M 0s
 39400K .......... .......... .......... .......... .......... 67%  142M 0s
 39450K .......... .......... .......... .......... .......... 67%  180M 0s
 39500K .......... .......... .......... .......... .......... 67%  169M 0s
 39550K .......... .......... .......... .......... .......... 67%  107M 0s
 39600K .......... .......... .......... .......... .......... 67%  161M 0s
 39650K .......... .......... .......... .......... .......... 68%  133M 0s
 39700K .......... .......... .......... .......... .......... 68%  131M 0s
 39750K .......... .......... .......... .......... .......... 68%  150M 0s
 39800K .......... .......... .......... .......... .......... 68%  133M 0s
 39850K .......... .......... .......... .......... .......... 68%  158M 0s
 39900K .......... .......... .......... .......... .......... 68%  154M 0s
 39950K .......... .......... .......... .......... .......... 68%  119M 0s
 40000K .......... .......... .......... .......... .......... 68%  164M 0s
 40050K .......... .......... .......... .......... .......... 68%  154M 0s
 40100K .......... .......... .......... .......... .......... 68%  147M 0s
 40150K .......... .......... .......... .......... .......... 68%  154M 0s
 40200K .......... .......... .......... .......... .......... 68%  143M 0s
 40250K .......... .......... .......... .......... .......... 69%  141M 0s
 40300K .......... .......... .......... .......... .......... 69%  138M 0s
 40350K .......... .......... .......... .......... .......... 69%  113M 0s
 40400K .......... .......... .......... .......... .......... 69%  150M 0s
 40450K .......... .......... .......... .......... .......... 69%  165M 0s
 40500K .......... .......... .......... .......... .......... 69%  144M 0s
 40550K .......... .......... .......... .......... .......... 69%  143M 0s
 40600K .......... .......... .......... .......... .......... 69%  146M 0s
 40650K .......... .......... .......... .......... .......... 69%  152M 0s
 40700K .......... .......... .......... .......... .......... 69%  133M 0s
 40750K .......... .......... .......... .......... .......... 69%  116M 0s
 40800K .......... .......... .......... .......... .......... 69%  150M 0s
 40850K .......... .......... .......... .......... .......... 70%  133M 0s
 40900K .......... .......... .......... .......... .......... 70%  150M 0s
 40950K .......... .......... .......... .......... .......... 70% 1.11M 0s
 41000K .......... .......... .......... .......... .......... 70% 1.33M 0s
 41050K .......... .......... .......... .......... .......... 70% 10.6M 0s
 41100K .......... .......... .......... .......... .......... 70% 6.17M 0s
 41150K .......... .......... .......... .......... .......... 70% 10.1M 0s
 41200K .......... .......... .......... .......... .......... 70% 9.21M 0s
 41250K .......... .......... .......... .......... .......... 70% 20.3M 0s
 41300K .......... .......... .......... .......... .......... 70% 20.2M 0s
 41350K .......... .......... .......... .......... .......... 70% 25.2M 0s
 41400K .......... .......... .......... .......... .......... 71% 16.0M 0s
 41450K .......... .......... .......... .......... .......... 71% 24.2M 0s
 41500K .......... .......... .......... .......... .......... 71% 34.6M 0s
 41550K .......... .......... .......... .......... .......... 71% 45.1M 0s
 41600K .......... .......... .......... .......... .......... 71% 27.2M 0s
 41650K .......... .......... .......... .......... .......... 71% 30.8M 0s
 41700K .......... .......... .......... .......... .......... 71% 43.8M 0s
 41750K .......... .......... .......... .......... .......... 71% 52.8M 0s
 41800K .......... .......... .......... .......... .......... 71% 77.7M 0s
 41850K .......... .......... .......... .......... .......... 71% 50.2M 0s
 41900K .......... .......... .......... .......... .......... 71% 33.2M 0s
 41950K .......... .......... .......... .......... .......... 71% 66.5M 0s
 42000K .......... .......... .......... .......... .......... 72% 76.2M 0s
 42050K .......... .......... .......... .......... .......... 72% 50.1M 0s
 42100K .......... .......... .......... .......... .......... 72% 61.2M 0s
 42150K .......... .......... .......... .......... .......... 72% 56.9M 0s
 42200K .......... .......... .......... .......... .......... 72% 99.0M 0s
 42250K .......... .......... .......... .......... .......... 72% 68.3M 0s
 42300K .......... .......... .......... .......... .......... 72% 42.6M 0s
 42350K .......... .......... .......... .......... .......... 72%  159M 0s
 42400K .......... .......... .......... .......... .......... 72% 45.3M 0s
 42450K .......... .......... .......... .......... .......... 72%  140M 0s
 42500K .......... .......... .......... .......... .......... 72%  188M 0s
 42550K .......... .......... .......... .......... .......... 72% 71.2M 0s
 42600K .......... .......... .......... .......... .......... 73% 89.5M 0s
 42650K .......... .......... .......... .......... .......... 73%  144M 0s
 42700K .......... .......... .......... .......... .......... 73% 69.5M 0s
 42750K .......... .......... .......... .......... .......... 73%  158M 0s
 42800K .......... .......... .......... .......... .......... 73% 60.0M 0s
 42850K .......... .......... .......... .......... .......... 73%  160M 0s
 42900K .......... .......... .......... .......... .......... 73%  149M 0s
 42950K .......... .......... .......... .......... .......... 73% 76.2M 0s
 43000K .......... .......... .......... .......... .......... 73% 52.4M 0s
 43050K .......... .......... .......... .......... .......... 73%  112M 0s
 43100K .......... .......... .......... .......... .......... 73% 21.2M 0s
 43150K .......... .......... .......... .......... .......... 74% 8.77M 0s
 43200K .......... .......... .......... .......... .......... 74% 60.3M 0s
 43250K .......... .......... .......... .......... .......... 74% 31.6M 0s
 43300K .......... .......... .......... .......... .......... 74% 33.7M 0s
 43350K .......... .......... .......... .......... .......... 74% 45.0M 0s
 43400K .......... .......... .......... .......... .......... 74% 58.7M 0s
 43450K .......... .......... .......... .......... .......... 74%  202M 0s
 43500K .......... .......... .......... .......... .......... 74% 36.8M 0s
 43550K .......... .......... .......... .......... .......... 74% 31.3M 0s
 43600K .......... .......... .......... .......... .......... 74% 40.3M 0s
 43650K .......... .......... .......... .......... .......... 74% 72.0M 0s
 43700K .......... .......... .......... .......... .......... 74%  217M 0s
 43750K .......... .......... .......... .......... .......... 75% 89.1M 0s
 43800K .......... .......... .......... .......... .......... 75% 35.1M 0s
 43850K .......... .......... .......... .......... .......... 75% 40.5M 0s
 43900K .......... .......... .......... .......... .......... 75% 50.4M 0s
 43950K .......... .......... .......... .......... .......... 75%  142M 0s
 44000K .......... .......... .......... .......... .......... 75% 34.9M 0s
 44050K .......... .......... .......... .......... .......... 75% 46.5M 0s
 44100K .......... .......... .......... .......... .......... 75%  152M 0s
 44150K .......... .......... .......... .......... .......... 75%  200M 0s
 44200K .......... .......... .......... .......... .......... 75%  217M 0s
 44250K .......... .......... .......... .......... .......... 75%  211M 0s
 44300K .......... .......... .......... .......... .......... 75% 59.4M 0s
 44350K .......... .......... .......... .......... .......... 76% 23.5M 0s
 44400K .......... .......... .......... .......... .......... 76% 33.6M 0s
 44450K .......... .......... .......... .......... .......... 76% 37.6M 0s
 44500K .......... .......... .......... .......... .......... 76% 40.2M 0s
 44550K .......... .......... .......... .......... .......... 76% 44.4M 0s
 44600K .......... .......... .......... .......... .......... 76%  174M 0s
 44650K .......... .......... .......... .......... .......... 76%  193M 0s
 44700K .......... .......... .......... .......... .......... 76%  190M 0s
 44750K .......... .......... .......... .......... .......... 76% 27.8M 0s
 44800K .......... .......... .......... .......... .......... 76% 30.3M 0s
 44850K .......... .......... .......... .......... .......... 76% 27.4M 0s
 44900K .......... .......... .......... .......... .......... 77% 36.7M 0s
 44950K .......... .......... .......... .......... .......... 77%  180M 0s
 45000K .......... .......... .......... .......... .......... 77%  142M 0s
 45050K .......... .......... .......... .......... .......... 77%  121M 0s
 45100K .......... .......... .......... .......... .......... 77% 24.3M 0s
 45150K .......... .......... .......... .......... .......... 77% 32.2M 0s
 45200K .......... .......... .......... .......... .......... 77% 42.8M 0s
 45250K .......... .......... .......... .......... .......... 77% 75.9M 0s
 45300K .......... .......... .......... .......... .......... 77% 46.5M 0s
 45350K .......... .......... .......... .......... .......... 77%  187M 0s
 45400K .......... .......... .......... .......... .......... 77%  112M 0s
 45450K .......... .......... .......... .......... .......... 77% 29.9M 0s
 45500K .......... .......... .......... .......... .......... 78% 39.7M 0s
 45550K .......... .......... .......... .......... .......... 78% 51.0M 0s
 45600K .......... .......... .......... .......... .......... 78% 33.9M 0s
 45650K .......... .......... .......... .......... .......... 78% 93.6M 0s
 45700K .......... .......... .......... .......... .......... 78%  175M 0s
 45750K .......... .......... .......... .......... .......... 78%  188M 0s
 45800K .......... .......... .......... .......... .......... 78%  188M 0s
 45850K .......... .......... .......... .......... .......... 78%  156M 0s
 45900K .......... .......... .......... .......... .......... 78% 23.6M 0s
 45950K .......... .......... .......... .......... .......... 78% 26.0M 0s
 46000K .......... .......... .......... .......... .......... 78% 42.2M 0s
 46050K .......... .......... .......... .......... .......... 78% 43.0M 0s
 46100K .......... .......... .......... .......... .......... 79% 40.1M 0s
 46150K .......... .......... .......... .......... .......... 79% 43.4M 0s
 46200K .......... .......... .......... .......... .......... 79% 56.4M 0s
 46250K .......... .......... .......... .......... .......... 79%  186M 0s
 46300K .......... .......... .......... .......... .......... 79%  101M 0s
 46350K .......... .......... .......... .......... .......... 79% 26.6M 0s
 46400K .......... .......... .......... .......... .......... 79% 42.0M 0s
 46450K .......... .......... .......... .......... .......... 79% 44.3M 0s
 46500K .......... .......... .......... .......... .......... 79%  185M 0s
 46550K .......... .......... .......... .......... .......... 79%  216M 0s
 46600K .......... .......... .......... .......... .......... 79% 58.5M 0s
 46650K .......... .......... .......... .......... .......... 80% 37.9M 0s
 46700K .......... .......... .......... .......... .......... 80% 44.9M 0s
 46750K .......... .......... .......... .......... .......... 80% 32.4M 0s
 46800K .......... .......... .......... .......... .......... 80% 73.7M 0s
 46850K .......... .......... .......... .......... .......... 80%  202M 0s
 46900K .......... .......... .......... .......... .......... 80%  223M 0s
 46950K .......... .......... .......... .......... .......... 80%  205M 0s
 47000K .......... .......... .......... .......... .......... 80% 39.0M 0s
 47050K .......... .......... .......... .......... .......... 80% 35.9M 0s
 47100K .......... .......... .......... .......... .......... 80% 41.5M 0s
 47150K .......... .......... .......... .......... .......... 80% 46.5M 0s
 47200K .......... .......... .......... .......... .......... 80% 31.7M 0s
 47250K .......... .......... .......... .......... .......... 81%  105M 0s
 47300K .......... .......... .......... .......... .......... 81%  121M 0s
 47350K .......... .......... .......... .......... .......... 81% 35.3M 0s
 47400K .......... .......... .......... .......... .......... 81% 44.1M 0s
 47450K .......... .......... .......... .......... .......... 81% 98.1M 0s
 47500K .......... .......... .......... .......... .......... 81%  189M 0s
 47550K .......... .......... .......... .......... .......... 81%  189M 0s
 47600K .......... .......... .......... .......... .......... 81% 92.7M 0s
 47650K .......... .......... .......... .......... .......... 81% 26.1M 0s
 47700K .......... .......... .......... .......... .......... 81% 42.9M 0s
 47750K .......... .......... .......... .......... .......... 81% 29.6M 0s
 47800K .......... .......... .......... .......... .......... 81%  104M 0s
 47850K .......... .......... .......... .......... .......... 82%  190M 0s
 47900K .......... .......... .......... .......... .......... 82%  197M 0s
 47950K .......... .......... .......... .......... .......... 82%  195M 0s
 48000K .......... .......... .......... .......... .......... 82%  120M 0s
 48050K .......... .......... .......... .......... .......... 82%  161M 0s
 48100K .......... .......... .......... .......... .......... 82%  112M 0s
 48150K .......... .......... .......... .......... .......... 82%  145M 0s
 48200K .......... .......... .......... .......... .......... 82%  146M 0s
 48250K .......... .......... .......... .......... .......... 82%  112M 0s
 48300K .......... .......... .......... .......... .......... 82%  151M 0s
 48350K .......... .......... .......... .......... .......... 82%  159M 0s
 48400K .......... .......... .......... .......... .......... 83%  109M 0s
 48450K .......... .......... .......... .......... .......... 83%  132M 0s
 48500K .......... .......... .......... .......... .......... 83%  143M 0s
 48550K .......... .......... .......... .......... .......... 83%  143M 0s
 48600K .......... .......... .......... .......... .......... 83%  129M 0s
 48650K .......... .......... .......... .......... .......... 83%  136M 0s
 48700K .......... .......... .......... .......... .......... 83%  156M 0s
 48750K .......... .......... .......... .......... .......... 83%  141M 0s
 48800K .......... .......... .......... .......... .......... 83% 90.3M 0s
 48850K .......... .......... .......... .......... .......... 83%  159M 0s
 48900K .......... .......... .......... .......... .......... 83%  140M 0s
 48950K .......... .......... .......... .......... .......... 83%  157M 0s
 49000K .......... .......... .......... .......... .......... 84%  143M 0s
 49050K .......... .......... .......... .......... .......... 84%  143M 0s
 49100K .......... .......... .......... .......... .......... 84%  139M 0s
 49150K .......... .......... .......... .......... .......... 84% 1.60M 0s
 49200K .......... .......... .......... .......... .......... 84% 8.06M 0s
 49250K .......... .......... .......... .......... .......... 84%  144M 0s
 49300K .......... .......... .......... .......... .......... 84% 78.5M 0s
 49350K .......... .......... .......... .......... .......... 84%  172M 0s
 49400K .......... .......... .......... .......... .......... 84%  187M 0s
 49450K .......... .......... .......... .......... .......... 84%  139M 0s
 49500K .......... .......... .......... .......... .......... 84%  147M 0s
 49550K .......... .......... .......... .......... .......... 84%  151M 0s
 49600K .......... .......... .......... .......... .......... 85%  106M 0s
 49650K .......... .......... .......... .......... .......... 85%  164M 0s
 49700K .......... .......... .......... .......... .......... 85%  188M 0s
 49750K .......... .......... .......... .......... .......... 85%  184M 0s
 49800K .......... .......... .......... .......... .......... 85%  179M 0s
 49850K .......... .......... .......... .......... .......... 85%  136M 0s
 49900K .......... .......... .......... .......... .......... 85%  145M 0s
 49950K .......... .......... .......... .......... .......... 85%  140M 0s
 50000K .......... .......... .......... .......... .......... 85%  114M 0s
 50050K .......... .......... .......... .......... .......... 85%  174M 0s
 50100K .......... .......... .......... .......... .......... 85%  150M 0s
 50150K .......... .......... .......... .......... .......... 86%  175M 0s
 50200K .......... .......... .......... .......... .......... 86%  143M 0s
 50250K .......... .......... .......... .......... .......... 86%  138M 0s
 50300K .......... .......... .......... .......... .......... 86%  156M 0s
 50350K .......... .......... .......... .......... .......... 86%  162M 0s
 50400K .......... .......... .......... .......... .......... 86%  114M 0s
 50450K .......... .......... .......... .......... .......... 86%  156M 0s
 50500K .......... .......... .......... .......... .......... 86%  171M 0s
 50550K .......... .......... .......... .......... .......... 86%  129M 0s
 50600K .......... .......... .......... .......... .......... 86%  151M 0s
 50650K .......... .......... .......... .......... .......... 86%  188M 0s
 50700K .......... .......... .......... .......... .......... 86%  190M 0s
 50750K .......... .......... .......... .......... .......... 87%  146M 0s
 50800K .......... .......... .......... .......... .......... 87%  111M 0s
 50850K .......... .......... .......... .......... .......... 87%  136M 0s
 50900K .......... .......... .......... .......... .......... 87%  154M 0s
 50950K .......... .......... .......... .......... .......... 87%  142M 0s
 51000K .......... .......... .......... .......... .......... 87%  163M 0s
 51050K .......... .......... .......... .......... .......... 87%  185M 0s
 51100K .......... .......... .......... .......... .......... 87%  141M 0s
 51150K .......... .......... .......... .......... .......... 87%  105M 0s
 51200K .......... .......... .......... .......... .......... 87%  184M 0s
 51250K .......... .......... .......... .......... .......... 87%  144M 0s
 51300K .......... .......... .......... .......... .......... 87%  137M 0s
 51350K .......... .......... .......... .......... .......... 88%  156M 0s
 51400K .......... .......... .......... .......... .......... 88%  166M 0s
 51450K .......... .......... .......... .......... .......... 88%  186M 0s
 51500K .......... .......... .......... .......... .......... 88%  136M 0s
 51550K .......... .......... .......... .......... .......... 88%  112M 0s
 51600K .......... .......... .......... .......... .......... 88%  146M 0s
 51650K .......... .......... .......... .......... .......... 88%  149M 0s
 51700K .......... .......... .......... .......... .......... 88%  156M 0s
 51750K .......... .......... .......... .......... .......... 88%  151M 0s
 51800K .......... .......... .......... .......... .......... 88%  168M 0s
 51850K .......... .......... .......... .......... .......... 88%  166M 0s
 51900K .......... .......... .......... .......... .......... 89%  144M 0s
 51950K .......... .......... .......... .......... .......... 89%  130M 0s
 52000K .......... .......... .......... .......... .......... 89%  157M 0s
 52050K .......... .......... .......... .......... .......... 89%  153M 0s
 52100K .......... .......... .......... .......... .......... 89%  163M 0s
 52150K .......... .......... .......... .......... .......... 89%  177M 0s
 52200K .......... .......... .......... .......... .......... 89%  150M 0s
 52250K .......... .......... .......... .......... .......... 89%  163M 0s
 52300K .......... .......... .......... .......... .......... 89%  166M 0s
 52350K .......... .......... .......... .......... .......... 89%  125M 0s
 52400K .......... .......... .......... .......... .......... 89%  157M 0s
 52450K .......... .......... .......... .......... .......... 89%  158M 0s
 52500K .......... .......... .......... .......... .......... 90%  154M 0s
 52550K .......... .......... .......... .......... .......... 90%  151M 0s
 52600K .......... .......... .......... .......... .......... 90%  180M 0s
 52650K .......... .......... .......... .......... .......... 90%  165M 0s
 52700K .......... .......... .......... .......... .......... 90%  154M 0s
 52750K .......... .......... .......... .......... .......... 90%  114M 0s
 52800K .......... .......... .......... .......... .......... 90%  170M 0s
 52850K .......... .......... .......... .......... .......... 90%  153M 0s
 52900K .......... .......... .......... .......... .......... 90%  177M 0s
 52950K .......... .......... .......... .......... .......... 90%  157M 0s
 53000K .......... .......... .......... .......... .......... 90%  158M 0s
 53050K .......... .......... .......... .......... .......... 90% 20.2M 0s
 53100K .......... .......... .......... .......... .......... 91%  174M 0s
 53150K .......... .......... .......... .......... .......... 91%  158M 0s
 53200K .......... .......... .......... .......... .......... 91% 63.5M 0s
 53250K .......... .......... .......... .......... .......... 91%  202M 0s
 53300K .......... .......... .......... .......... .......... 91%  191M 0s
 53350K .......... .......... .......... .......... .......... 91%  205M 0s
 53400K .......... .......... .......... .......... .......... 91%  138M 0s
 53450K .......... .......... .......... .......... .......... 91%  111M 0s
 53500K .......... .......... .......... .......... .......... 91%  143M 0s
 53550K .......... .......... .......... .......... .......... 91%  107M 0s
 53600K .......... .......... .......... .......... .......... 91%  207M 0s
 53650K .......... .......... .......... .......... .......... 92%  207M 0s
 53700K .......... .......... .......... .......... .......... 92%  206M 0s
 53750K .......... .......... .......... .......... .......... 92% 99.4M 0s
 53800K .......... .......... .......... .......... .......... 92%  132M 0s
 53850K .......... .......... .......... .......... .......... 92%  161M 0s
 53900K .......... .......... .......... .......... .......... 92% 81.7M 0s
 53950K .......... .......... .......... .......... .......... 92%  109M 0s
 54000K .......... .......... .......... .......... .......... 92%  157M 0s
 54050K .......... .......... .......... .......... .......... 92%  162M 0s
 54100K .......... .......... .......... .......... .......... 92%  168M 0s
 54150K .......... .......... .......... .......... .......... 92%  162M 0s
 54200K .......... .......... .......... .......... .......... 92%  147M 0s
 54250K .......... .......... .......... .......... .......... 93%  160M 0s
 54300K .......... .......... .......... .......... .......... 93%  115M 0s
 54350K .......... .......... .......... .......... .......... 93%  123M 0s
 54400K .......... .......... .......... .......... .......... 93%  157M 0s
 54450K .......... .......... .......... .......... .......... 93%  147M 0s
 54500K .......... .......... .......... .......... .......... 93%  176M 0s
 54550K .......... .......... .......... .......... .......... 93%  164M 0s
 54600K .......... .......... .......... .......... .......... 93% 49.6M 0s
 54650K .......... .......... .......... .......... .......... 93%  156M 0s
 54700K .......... .......... .......... .......... .......... 93% 34.8M 0s
 54750K .......... .......... .......... .......... .......... 93% 70.3M 0s
 54800K .......... .......... .......... .......... .......... 93%  143M 0s
 54850K .......... .......... .......... .......... .......... 94%  142M 0s
 54900K .......... .......... .......... .......... .......... 94% 70.8M 0s
 54950K .......... .......... .......... .......... .......... 94% 59.7M 0s
 55000K .......... .......... .......... .......... .......... 94% 47.7M 0s
 55050K .......... .......... .......... .......... .......... 94%  194M 0s
 55100K .......... .......... .......... .......... .......... 94% 50.0M 0s
 55150K .......... .......... .......... .......... .......... 94% 84.9M 0s
 55200K .......... .......... .......... .......... .......... 94%  173M 0s
 55250K .......... .......... .......... .......... .......... 94% 3.00M 0s
 55300K .......... .......... .......... .......... .......... 94% 7.88M 0s
 55350K .......... .......... .......... .......... .......... 94%  113M 0s
 55400K .......... .......... .......... .......... .......... 95%  139M 0s
 55450K .......... .......... .......... .......... .......... 95%  116M 0s
 55500K .......... .......... .......... .......... .......... 95%  121M 0s
 55550K .......... .......... .......... .......... .......... 95%  167M 0s
 55600K .......... .......... .......... .......... .......... 95%  120M 0s
 55650K .......... .......... .......... .......... .......... 95%  163M 0s
 55700K .......... .......... .......... .......... .......... 95%  135M 0s
 55750K .......... .......... .......... .......... .......... 95%  156M 0s
 55800K .......... .......... .......... .......... .......... 95%  164M 0s
 55850K .......... .......... .......... .......... .......... 95%  139M 0s
 55900K .......... .......... .......... .......... .......... 95%  149M 0s
 55950K .......... .......... .......... .......... .......... 95%  152M 0s
 56000K .......... .......... .......... .......... .......... 96% 99.8M 0s
 56050K .......... .......... .......... .......... .......... 96%  152M 0s
 56100K .......... .......... .......... .......... .......... 96%  175M 0s
 56150K .......... .......... .......... .......... .......... 96%  117M 0s
 56200K .......... .......... .......... .......... .......... 96%  169M 0s
 56250K .......... .......... .......... .......... .......... 96%  165M 0s
 56300K .......... .......... .......... .......... .......... 96%  111M 0s
 56350K .......... .......... .......... .......... .......... 96% 67.1M 0s
 56400K .......... .......... .......... .......... .......... 96% 98.3M 0s
 56450K .......... .......... .......... .......... .......... 96%  137M 0s
 56500K .......... .......... .......... .......... .......... 96% 96.2M 0s
 56550K .......... .......... .......... .......... .......... 96%  117M 0s
 56600K .......... .......... .......... .......... .......... 97%  112M 0s
 56650K .......... .......... .......... .......... .......... 97%  116M 0s
 56700K .......... .......... .......... .......... .......... 97%  126M 0s
 56750K .......... .......... .......... .......... .......... 97%  117M 0s
 56800K .......... .......... .......... .......... .......... 97%  109M 0s
 56850K .......... .......... .......... .......... .......... 97%  153M 0s
 56900K .......... .......... .......... .......... .......... 97%  151M 0s
 56950K .......... .......... .......... .......... .......... 97%  156M 0s
 57000K .......... .......... .......... .......... .......... 97%  153M 0s
 57050K .......... .......... .......... .......... .......... 97%  164M 0s
 57100K .......... .......... .......... .......... .......... 97%  150M 0s
 57150K .......... .......... .......... .......... .......... 98%  155M 0s
 57200K .......... .......... .......... .......... .......... 98%  110M 0s
 57250K .......... .......... .......... .......... .......... 98%  165M 0s
 57300K .......... .......... .......... .......... .......... 98%  151M 0s
 57350K .......... .......... .......... .......... .......... 98%  161M 0s
 57400K .......... .......... .......... .......... .......... 98%  157M 0s
 57450K .......... .......... .......... .......... .......... 98%  148M 0s
 57500K .......... .......... .......... .......... .......... 98%  148M 0s
 57550K .......... .......... .......... .......... .......... 98%  124M 0s
 57600K .......... .......... .......... .......... .......... 98%  145M 0s
 57650K .......... .......... .......... .......... .......... 98%  145M 0s
 57700K .......... .......... .......... .......... .......... 98%  159M 0s
 57750K .......... .......... .......... .......... .......... 99%  151M 0s
 57800K .......... .......... .......... .......... .......... 99%  153M 0s
 57850K .......... .......... .......... .......... .......... 99%  163M 0s
 57900K .......... .......... .......... .......... .......... 99%  142M 0s
 57950K .......... .......... .......... .......... .......... 99%  121M 0s
 58000K .......... .......... .......... .......... .......... 99%  151M 0s
 58050K .......... .......... .......... .......... .......... 99%  166M 0s
 58100K .......... .......... .......... .......... .......... 99%  151M 0s
 58150K .......... .......... .......... .......... .......... 99%  158M 0s
 58200K .......... .......... .......... .......... .......... 99%  168M 0s
 58250K .......... .......... .......... .......... .......... 99%  147M 0s
 58300K .......... .......... .......... .......... .......... 99%  143M 0s
 58350K .......... .....                                      100%  142M=1.2s

2026-06-08 10:12:35 (46.1 MB/s) - ‘/tmp/go1.25.4.linux-amd64.tar.gz’ saved [59766394/59766394]

Cloning into '/tmp/go-win7'...
Updating files:  88% (9708/10999)Updating files:  89% (9790/10999)Updating files:  90% (9900/10999)Updating files:  91% (10010/10999)Updating files:  92% (10120/10999)Updating files:  93% (10230/10999)Updating files:  94% (10340/10999)Updating files:  95% (10450/10999)Updating files:  96% (10560/10999)Updating files:  97% (10670/10999)Updating files:  98% (10780/10999)Updating files:  99% (10890/10999)Updating files: 100% (10999/10999)Updating files: 100% (10999/10999), done.
